📦 Copie du script bronze_ingestion.py dans le conteneur...

🚀 Exécution du pipeline Bronze...

25/10/24 19:25:57 WARN NativeCodeLoader: Unable to load native-hadoop library for your platform... using builtin-java classes where applicable

    ╔══════════════════════════════════════╗
    ║        PIPELINE BRONZE - MINIO       ║
    ╚══════════════════════════════════════╝
    
⚙️  Configuration:
   - Mode ressources limitées: True
   - Filtre Décès 2019: ACTIVÉ
   - Clés de substitution: ACTIVÉES
   - Colonnes techniques: ACTIVÉES
   - Parser dates legacy: ACTIVÉ (pour formats M/d/yyyy)
25/10/24 19:25:59 INFO SparkContext: Running Spark version 3.5.0
25/10/24 19:25:59 INFO SparkContext: OS info Linux, 6.6.87.2-microsoft-standard-WSL2, amd64
25/10/24 19:25:59 INFO SparkContext: Java version 17.0.8.1
25/10/24 19:25:59 INFO ResourceUtils: ==============================================================
25/10/24 19:25:59 INFO ResourceUtils: No custom resources configured for spark.driver.
25/10/24 19:25:59 INFO ResourceUtils: ==============================================================
25/10/24 19:25:59 INFO SparkContext: Submitted application: Bronze Pipeline
25/10/24 19:25:59 INFO ResourceProfile: Default ResourceProfile created, executor resources: Map(cores -> name: cores, amount: 2, script: , vendor: , memory -> name: memory, amount: 2048, script: , vendor: , offHeap -> name: offHeap, amount: 0, script: , vendor: ), task resources: Map(cpus -> name: cpus, amount: 1.0)
25/10/24 19:25:59 INFO ResourceProfile: Limiting resource is cpus at 2 tasks per executor
25/10/24 19:25:59 INFO ResourceProfileManager: Added ResourceProfile id: 0
25/10/24 19:25:59 INFO SecurityManager: Changing view acls to: jovyan
25/10/24 19:25:59 INFO SecurityManager: Changing modify acls to: jovyan
25/10/24 19:25:59 INFO SecurityManager: Changing view acls groups to: 
25/10/24 19:25:59 INFO SecurityManager: Changing modify acls groups to: 
25/10/24 19:25:59 INFO SecurityManager: SecurityManager: authentication disabled; ui acls disabled; users with view permissions: jovyan; groups with view permissions: EMPTY; users with modify permissions: jovyan; groups with modify permissions: EMPTY
25/10/24 19:25:59 INFO Utils: Successfully started service 'sparkDriver' on port 34923.
25/10/24 19:25:59 INFO SparkEnv: Registering MapOutputTracker
25/10/24 19:25:59 INFO SparkEnv: Registering BlockManagerMaster
25/10/24 19:26:00 INFO BlockManagerMasterEndpoint: Using org.apache.spark.storage.DefaultTopologyMapper for getting topology information
25/10/24 19:26:00 INFO BlockManagerMasterEndpoint: BlockManagerMasterEndpoint up
25/10/24 19:26:00 INFO SparkEnv: Registering BlockManagerMasterHeartbeat
25/10/24 19:26:00 INFO DiskBlockManager: Created local directory at /tmp/blockmgr-d666e411-bbdd-4c6b-ae4d-be25d7d6ae52
25/10/24 19:26:00 INFO MemoryStore: MemoryStore started with capacity 434.4 MiB
25/10/24 19:26:00 INFO SparkEnv: Registering OutputCommitCoordinator
25/10/24 19:26:00 INFO JettyUtils: Start Jetty 0.0.0.0:4040 for SparkUI
25/10/24 19:26:00 WARN Utils: Service 'SparkUI' could not bind on port 4040. Attempting port 4041.
25/10/24 19:26:00 INFO Utils: Successfully started service 'SparkUI' on port 4041.
25/10/24 19:26:00 INFO SparkContext: Added JAR /home/jovyan/jars/aws-java-sdk-bundle-1.12.262.jar at spark://ff351b6fc169:34923/jars/aws-java-sdk-bundle-1.12.262.jar with timestamp 1761333959117
25/10/24 19:26:00 INFO SparkContext: Added JAR /home/jovyan/jars/hadoop-aws-3.3.4.jar at spark://ff351b6fc169:34923/jars/hadoop-aws-3.3.4.jar with timestamp 1761333959117
25/10/24 19:26:00 INFO SparkContext: Added JAR /home/jovyan/jars/aws-java-sdk-bundle-1.12.533.jar at spark://ff351b6fc169:34923/jars/aws-java-sdk-bundle-1.12.533.jar with timestamp 1761333959117
25/10/24 19:26:00 INFO SparkContext: Added JAR /home/jovyan/jars/hadoop-common-3.3.4.jar at spark://ff351b6fc169:34923/jars/hadoop-common-3.3.4.jar with timestamp 1761333959117
25/10/24 19:26:00 INFO SparkContext: Added JAR /home/jovyan/jars/hadoop-aws-3.3.6.jar at spark://ff351b6fc169:34923/jars/hadoop-aws-3.3.6.jar with timestamp 1761333959117
25/10/24 19:26:00 INFO SparkContext: Added JAR /home/jovyan/jars/postgresql-42.6.0.jar at spark://ff351b6fc169:34923/jars/postgresql-42.6.0.jar with timestamp 1761333959117
25/10/24 19:26:00 INFO SparkContext: Added JAR /home/jovyan/jars/postgresql-42.2.27.jar at spark://ff351b6fc169:34923/jars/postgresql-42.2.27.jar with timestamp 1761333959117
25/10/24 19:26:00 INFO Executor: Starting executor ID driver on host ff351b6fc169
25/10/24 19:26:00 INFO Executor: OS info Linux, 6.6.87.2-microsoft-standard-WSL2, amd64
25/10/24 19:26:00 INFO Executor: Java version 17.0.8.1
25/10/24 19:26:00 INFO Executor: Starting executor with user classpath (userClassPathFirst = false): 'file:/home/jovyan/jars/hadoop-aws-3.3.4.jar,file:/home/jovyan/jars/aws-java-sdk-bundle-1.12.262.jar,file:/home/jovyan/jars/postgresql-42.6.0.jar,file:/home/jovyan/work/postgresql-42.6.0.jar,file:/home/jovyan/work/aws-java-sdk-bundle-1.12.262.jar,file:/home/jovyan/work/hadoop-aws-3.3.4.jar'
25/10/24 19:26:00 INFO Executor: Created or updated repl class loader org.apache.spark.util.MutableURLClassLoader@2aa4a5d0 for default.
25/10/24 19:26:00 INFO Executor: Fetching spark://ff351b6fc169:34923/jars/postgresql-42.2.27.jar with timestamp 1761333959117
25/10/24 19:26:00 INFO TransportClientFactory: Successfully created connection to ff351b6fc169/172.18.0.5:34923 after 106 ms (0 ms spent in bootstraps)
25/10/24 19:26:01 INFO Utils: Fetching spark://ff351b6fc169:34923/jars/postgresql-42.2.27.jar to /tmp/spark-305de5b9-dc41-4af2-b8d2-f7090b6c9dc1/userFiles-eb86107f-2ea1-43cd-986f-54d895c93fb2/fetchFileTemp14796679874866317620.tmp
