nohup: ignoring input
25/10/28 08:16:49 WARN NativeCodeLoader: Unable to load native-hadoop library for your platform... using builtin-java classes where applicable

    ╔══════════════════════════════════════════╗
    ║        PIPELINE BRONZE CORRIGÉ          ║
    ║         ERRORS REGEX RÉSOLUES           ║
    ╚══════════════════════════════════════════╝
    
⚙️  Configuration corrigée:
   - Regex invalides CORRIGÉES
   - 8 tables essentielles
   - Écriture sécurisée activée
   - Anonymisation RGPD-compliant
25/10/28 08:16:50 INFO SparkContext: Running Spark version 3.5.0
25/10/28 08:16:50 INFO SparkContext: OS info Linux, 6.6.87.2-microsoft-standard-WSL2, amd64
25/10/28 08:16:50 INFO SparkContext: Java version 17.0.8.1
25/10/28 08:16:50 INFO ResourceUtils: ==============================================================
25/10/28 08:16:50 INFO ResourceUtils: No custom resources configured for spark.driver.
25/10/28 08:16:50 INFO ResourceUtils: ==============================================================
25/10/28 08:16:50 INFO SparkContext: Submitted application: Bronze Pipeline Optimisé
25/10/28 08:16:50 INFO ResourceProfile: Default ResourceProfile created, executor resources: Map(cores -> name: cores, amount: 2, script: , vendor: , memory -> name: memory, amount: 2048, script: , vendor: , offHeap -> name: offHeap, amount: 0, script: , vendor: ), task resources: Map(cpus -> name: cpus, amount: 1.0)
25/10/28 08:16:50 INFO ResourceProfile: Limiting resource is cpus at 2 tasks per executor
25/10/28 08:16:50 INFO ResourceProfileManager: Added ResourceProfile id: 0
25/10/28 08:16:50 INFO SecurityManager: Changing view acls to: jovyan
25/10/28 08:16:50 INFO SecurityManager: Changing modify acls to: jovyan
25/10/28 08:16:50 INFO SecurityManager: Changing view acls groups to: 
25/10/28 08:16:50 INFO SecurityManager: Changing modify acls groups to: 
25/10/28 08:16:50 INFO SecurityManager: SecurityManager: authentication disabled; ui acls disabled; users with view permissions: jovyan; groups with view permissions: EMPTY; users with modify permissions: jovyan; groups with modify permissions: EMPTY
25/10/28 08:16:51 INFO Utils: Successfully started service 'sparkDriver' on port 38387.
25/10/28 08:16:51 INFO SparkEnv: Registering MapOutputTracker
25/10/28 08:16:51 INFO SparkEnv: Registering BlockManagerMaster
25/10/28 08:16:51 INFO BlockManagerMasterEndpoint: Using org.apache.spark.storage.DefaultTopologyMapper for getting topology information
25/10/28 08:16:51 INFO BlockManagerMasterEndpoint: BlockManagerMasterEndpoint up
25/10/28 08:16:51 INFO SparkEnv: Registering BlockManagerMasterHeartbeat
25/10/28 08:16:51 INFO DiskBlockManager: Created local directory at /tmp/blockmgr-34d8af38-a2a6-4951-bffb-62d978178e3e
25/10/28 08:16:51 INFO MemoryStore: MemoryStore started with capacity 1048.8 MiB
25/10/28 08:16:51 INFO SparkEnv: Registering OutputCommitCoordinator
25/10/28 08:16:51 INFO JettyUtils: Start Jetty 0.0.0.0:4040 for SparkUI
25/10/28 08:16:51 INFO Utils: Successfully started service 'SparkUI' on port 4040.
25/10/28 08:16:51 INFO SparkContext: Added JAR /home/jovyan/jars/aws-java-sdk-bundle-1.12.262.jar at spark://a5399d7b25b7:38387/jars/aws-java-sdk-bundle-1.12.262.jar with timestamp 1761639410863
25/10/28 08:16:51 INFO SparkContext: Added JAR /home/jovyan/jars/hadoop-aws-3.3.4.jar at spark://a5399d7b25b7:38387/jars/hadoop-aws-3.3.4.jar with timestamp 1761639410863
25/10/28 08:16:51 INFO SparkContext: Added JAR /home/jovyan/jars/aws-java-sdk-bundle-1.12.533.jar at spark://a5399d7b25b7:38387/jars/aws-java-sdk-bundle-1.12.533.jar with timestamp 1761639410863
25/10/28 08:16:51 INFO SparkContext: Added JAR /home/jovyan/jars/hadoop-common-3.3.4.jar at spark://a5399d7b25b7:38387/jars/hadoop-common-3.3.4.jar with timestamp 1761639410863
25/10/28 08:16:51 INFO SparkContext: Added JAR /home/jovyan/jars/hadoop-aws-3.3.6.jar at spark://a5399d7b25b7:38387/jars/hadoop-aws-3.3.6.jar with timestamp 1761639410863
25/10/28 08:16:51 INFO SparkContext: Added JAR /home/jovyan/jars/postgresql-42.5.0.jar at spark://a5399d7b25b7:38387/jars/postgresql-42.5.0.jar with timestamp 1761639410863
25/10/28 08:16:51 INFO SparkContext: Added JAR /home/jovyan/jars/postgresql-42.6.0.jar at spark://a5399d7b25b7:38387/jars/postgresql-42.6.0.jar with timestamp 1761639410863
25/10/28 08:16:51 INFO SparkContext: Added JAR /home/jovyan/jars/postgresql-42.2.27.jar at spark://a5399d7b25b7:38387/jars/postgresql-42.2.27.jar with timestamp 1761639410863
25/10/28 08:16:51 INFO Executor: Starting executor ID driver on host a5399d7b25b7
25/10/28 08:16:51 INFO Executor: OS info Linux, 6.6.87.2-microsoft-standard-WSL2, amd64
25/10/28 08:16:51 INFO Executor: Java version 17.0.8.1
25/10/28 08:16:51 INFO Executor: Starting executor with user classpath (userClassPathFirst = false): 'file:/home/jovyan/jars/hadoop-aws-3.3.4.jar,file:/home/jovyan/jars/aws-java-sdk-bundle-1.12.262.jar,file:/home/jovyan/jars/postgresql-42.5.0.jar,file:/home/jovyan/postgresql-42.5.0.jar,file:/home/jovyan/aws-java-sdk-bundle-1.12.262.jar,file:/home/jovyan/hadoop-aws-3.3.4.jar'
25/10/28 08:16:51 INFO Executor: Created or updated repl class loader org.apache.spark.util.MutableURLClassLoader@7081924e for default.
25/10/28 08:16:51 INFO Executor: Fetching spark://a5399d7b25b7:38387/jars/hadoop-common-3.3.4.jar with timestamp 1761639410863
25/10/28 08:16:51 INFO TransportClientFactory: Successfully created connection to a5399d7b25b7/172.18.0.6:38387 after 21 ms (0 ms spent in bootstraps)
25/10/28 08:16:51 INFO Utils: Fetching spark://a5399d7b25b7:38387/jars/hadoop-common-3.3.4.jar to /tmp/spark-a2be2988-1c42-4c45-8420-4a53c500a8fd/userFiles-a3efc8fc-c7de-44c7-9ec7-c3f1f8bf2616/fetchFileTemp6645414047395877575.tmp
25/10/28 08:16:51 INFO Executor: Adding file:/tmp/spark-a2be2988-1c42-4c45-8420-4a53c500a8fd/userFiles-a3efc8fc-c7de-44c7-9ec7-c3f1f8bf2616/hadoop-common-3.3.4.jar to class loader default
25/10/28 08:16:51 INFO Executor: Fetching spark://a5399d7b25b7:38387/jars/postgresql-42.6.0.jar with timestamp 1761639410863
25/10/28 08:16:51 INFO Utils: Fetching spark://a5399d7b25b7:38387/jars/postgresql-42.6.0.jar to /tmp/spark-a2be2988-1c42-4c45-8420-4a53c500a8fd/userFiles-a3efc8fc-c7de-44c7-9ec7-c3f1f8bf2616/fetchFileTemp1289148853586101865.tmp
25/10/28 08:16:51 INFO Executor: Adding file:/tmp/spark-a2be2988-1c42-4c45-8420-4a53c500a8fd/userFiles-a3efc8fc-c7de-44c7-9ec7-c3f1f8bf2616/postgresql-42.6.0.jar to class loader default
25/10/28 08:16:51 INFO Executor: Fetching spark://a5399d7b25b7:38387/jars/aws-java-sdk-bundle-1.12.533.jar with timestamp 1761639410863
25/10/28 08:16:51 INFO Utils: Fetching spark://a5399d7b25b7:38387/jars/aws-java-sdk-bundle-1.12.533.jar to /tmp/spark-a2be2988-1c42-4c45-8420-4a53c500a8fd/userFiles-a3efc8fc-c7de-44c7-9ec7-c3f1f8bf2616/fetchFileTemp12226806275961444732.tmp
25/10/28 08:16:52 INFO Executor: Adding file:/tmp/spark-a2be2988-1c42-4c45-8420-4a53c500a8fd/userFiles-a3efc8fc-c7de-44c7-9ec7-c3f1f8bf2616/aws-java-sdk-bundle-1.12.533.jar to class loader default
25/10/28 08:16:52 INFO Executor: Fetching spark://a5399d7b25b7:38387/jars/postgresql-42.2.27.jar with timestamp 1761639410863
25/10/28 08:16:52 INFO Utils: Fetching spark://a5399d7b25b7:38387/jars/postgresql-42.2.27.jar to /tmp/spark-a2be2988-1c42-4c45-8420-4a53c500a8fd/userFiles-a3efc8fc-c7de-44c7-9ec7-c3f1f8bf2616/fetchFileTemp5111129374871289262.tmp
25/10/28 08:16:52 INFO Executor: Adding file:/tmp/spark-a2be2988-1c42-4c45-8420-4a53c500a8fd/userFiles-a3efc8fc-c7de-44c7-9ec7-c3f1f8bf2616/postgresql-42.2.27.jar to class loader default
25/10/28 08:16:52 INFO Executor: Fetching spark://a5399d7b25b7:38387/jars/hadoop-aws-3.3.6.jar with timestamp 1761639410863
25/10/28 08:16:52 INFO Utils: Fetching spark://a5399d7b25b7:38387/jars/hadoop-aws-3.3.6.jar to /tmp/spark-a2be2988-1c42-4c45-8420-4a53c500a8fd/userFiles-a3efc8fc-c7de-44c7-9ec7-c3f1f8bf2616/fetchFileTemp559495836575035620.tmp
25/10/28 08:16:52 INFO Executor: Adding file:/tmp/spark-a2be2988-1c42-4c45-8420-4a53c500a8fd/userFiles-a3efc8fc-c7de-44c7-9ec7-c3f1f8bf2616/hadoop-aws-3.3.6.jar to class loader default
25/10/28 08:16:52 INFO Utils: Successfully started service 'org.apache.spark.network.netty.NettyBlockTransferService' on port 35875.
25/10/28 08:16:52 INFO NettyBlockTransferService: Server created on a5399d7b25b7:35875
25/10/28 08:16:52 INFO BlockManager: Using org.apache.spark.storage.RandomBlockReplicationPolicy for block replication policy
25/10/28 08:16:52 INFO BlockManagerMaster: Registering BlockManager BlockManagerId(driver, a5399d7b25b7, 35875, None)
25/10/28 08:16:52 INFO BlockManagerMasterEndpoint: Registering block manager a5399d7b25b7:35875 with 1048.8 MiB RAM, BlockManagerId(driver, a5399d7b25b7, 35875, None)
25/10/28 08:16:52 INFO BlockManagerMaster: Registered BlockManager BlockManagerId(driver, a5399d7b25b7, 35875, None)
25/10/28 08:16:52 INFO BlockManager: Initialized BlockManager: BlockManagerId(driver, a5399d7b25b7, 35875, None)
✅ Spark initialisé
🔍 Test MinIO...
25/10/28 08:16:54 WARN MetricsConfig: Cannot locate configuration: tried hadoop-metrics2-s3a-file-system.properties,hadoop-metrics2.properties
✅ MinIO OK
🔍 Test PostgreSQL...
✅ PostgreSQL OK

🎯 TRAITEMENT: patients
✅ Lecture "Patient": 100000 lignes
   🔧 Colonne 'date' renommée en 'date_naissance'
     🔧 Normalisation des dates pour: date_naissance
25/10/28 08:17:02 WARN SparkStringUtils: Truncated the string representation of a plan since it was too large. This behavior can be adjusted by setting 'spark.sql.debug.maxToStringFields'.
✅ PostgreSQL patients traité: 100000 lignes

🎯 TRAITEMENT: consultations
✅ Lecture "Consultation": 1027157 lignes
   🔧 Colonne 'date' renommée en 'date_consultation'
✅ PostgreSQL consultations traité: 1027157 lignes

🎯 TRAITEMENT: deces
✅ Lecture "deces": 620608 lignes

🔍 DIAGNOSTIC DES DATES - deces
==================================================

📅 date_naissance:
   • Total: 620,608 lignes
   • Nulles: 13,918 (2.2%)
   • Top années: ['1930 (<built-in method count of Row object at 0x7d5b34cc06d0>)', '1931 (<built-in method count of Row object at 0x7d5b34cc35b0>)', '1929 (<built-in method count of Row object at 0x7d5b34cc1bc0>)', '1928 (<built-in method count of Row object at 0x7d5b34cc0860>)', '1932 (<built-in method count of Row object at 0x7d5b34cc3f10>)', '1927 (<built-in method count of Row object at 0x7d5b34cc1cb0>)', '1933 (<built-in method count of Row object at 0x7d5b34cc3e20>)', '1926 (<built-in method count of Row object at 0x7d5b34cc0770>)', '1934 (<built-in method count of Row object at 0x7d5b34cc3b50>)', '1925 (<built-in method count of Row object at 0x7d5b34cc14e0>)']

📅 code_lieu_naissance:
   • Total: 620,608 lignes
   • Nulles: 0 (0.0%)
   • Top années: ['99352 (<built-in method count of Row object at 0x7d5b34ea2b10>)', '99127 (<built-in method count of Row object at 0x7d5b34ea2de0>)', '75114 (<built-in method count of Row object at 0x7d5b34ea09f0>)', '99350 (<built-in method count of Row object at 0x7d5b34ea2250>)', '13055 (<built-in method count of Row object at 0x7d5b34ea1bc0>)', '99134 (<built-in method count of Row object at 0x7d5b34ea1a80>)', '99351 (<built-in method count of Row object at 0x7d5b34ea2ac0>)', '99139 (<built-in method count of Row object at 0x7d5b34ea2700>)', '92352 (<built-in method count of Row object at 0x7d5b34ea2a70>)', '75115 (<built-in method count of Row object at 0x7d5b34ea3ab0>)']
   ⚠️  Années invalides: 620045

📅 lieu_naissance:
   • Total: 620,608 lignes
   • Nulles: 535 (0.1%)
   • Top années: ['99397 (<built-in method count of Row object at 0x7d5b34ea36f0>)']
   ⚠️  Années invalides: 1

📅 pays_naissance:
   • Total: 620,608 lignes
   • Nulles: 535,769 (86.3%)

📅 date_deces:
   • Total: 620,608 lignes
   • Nulles: 0 (0.0%)
   • Top années: ['2019 (<built-in method count of Row object at 0x7d5b34cc3a10>)']

📅 code_lieu_deces:
   • Total: 620,608 lignes
   • Nulles: 0 (0.0%)
   • Top années: ['31555 (<built-in method count of Row object at 0x7d5b34ea2430>)', '6088 (<built-in method count of Row object at 0x7d5b34ea21b0>)', '59350 (<built-in method count of Row object at 0x7d5b34ea3740>)', '33063 (<built-in method count of Row object at 0x7d5b34cc3830>)', '67482 (<built-in method count of Row object at 0x7d5b34ea3600>)', '44109 (<built-in method count of Row object at 0x7d5b34ea1760>)', '34172 (<built-in method count of Row object at 0x7d5b34ea09f0>)', '75115 (<built-in method count of Row object at 0x7d5b34ea2ac0>)', '76540 (<built-in method count of Row object at 0x7d5b34ea37e0>)', '35238 (<built-in method count of Row object at 0x7d5b34ea0f40>)']
   ⚠️  Années invalides: 617179

📅 numero_acte_deces:
   • Total: 620,608 lignes
   • Nulles: 0 (0.0%)
   • Top années: ['1000 (<built-in method count of Row object at 0x7d5b34cdc7c0>)', '1021 (<built-in method count of Row object at 0x7d5b34cdc9f0>)', '1011 (<built-in method count of Row object at 0x7d5b34cdd1c0>)', '1017 (<built-in method count of Row object at 0x7d5b34cdcc20>)', '1009 (<built-in method count of Row object at 0x7d5b34cdcfe0>)', '1003 (<built-in method count of Row object at 0x7d5b34cdd350>)', '1010 (<built-in method count of Row object at 0x7d5b34cdd3a0>)', '1001 (<built-in method count of Row object at 0x7d5b34cdcd60>)', '1012 (<built-in method count of Row object at 0x7d5b34cdc2c0>)', '1022 (<built-in method count of Row object at 0x7d5b34cdd120>)']
   ⚠️  Années invalides: 81293
   🔧 Amélioration des données décès
     ✅ Département extrait de code_lieu_deces
     ✅ Région déduite du département
✅ PostgreSQL deces traité: 620608 lignes

🎯 TRAITEMENT: hospitalisations
❌ Erreur CSV hospitalisations: [PATH_NOT_FOUND] Path does not exist: file:/data/source/csv/Hospitalisations.csv.

🎯 TRAITEMENT: diagnostics
✅ Lecture "Diagnostic": 15490 lignes
✅ PostgreSQL diagnostics traité: 15490 lignes

🎯 TRAITEMENT: professionnels_sante
✅ Lecture "Professionnel_de_sante": 1048575 lignes
✅ PostgreSQL professionnels_sante traité: 1048575 lignes

🎯 TRAITEMENT: etablissements
❌ Erreur CSV etablissements: [PATH_NOT_FOUND] Path does not exist: file:/data/source/csv/etablissement_sante.csv.

🎯 TRAITEMENT: satisfaction_mco_2020
❌ Erreur CSV satisfaction_mco_2020: [PATH_NOT_FOUND] Path does not exist: file:/data/source/csv/resultats-esatisca-mco-open-data-2020.csv.

🎉 PIPELINE BRONZE CORRIGÉ TERMINÉ
✅ Succès: 5 tables
❌ Échecs: 3 tables
🎯 Tables essentielles: 8/8
🔐 Anonymisation RGPD: ACTIVÉE
🔧 Regex corrigées: OUI

📋 TABLES TRAITÉES:
   ✅ patients
   ✅ consultations
   ✅ deces
   ✅ diagnostics
   ✅ professionnels_sante

⚠️  TABLES EN ÉCHEC:
   ❌ hospitalisations
   ❌ etablissements
   ❌ satisfaction_mco_2020

🔍 VÉRIFICATION FINALE:
✅ Spark initialisé
🔍 VÉRIFICATION DES DONNÉES BRONZE
==================================================
✅ patients: 100000 lignes - Colonnes manquantes: []
✅ consultations: 1027157 lignes - Colonnes manquantes: []
❌ hospitalisations: ERREUR - [PATH_NOT_FOUND] Path does not exist: s3a://bronze/hospitalisations.
✅ deces: 620608 lignes - Colonnes manquantes: []
✅ diagnostics: 15490 lignes - Colonnes manquantes: []
✅ professionnels_sante: 1048575 lignes - Colonnes manquantes: []
❌ etablissements: ERREUR - [PATH_NOT_FOUND] Path does not exist: s3a://bronze/etablissements.
❌ satisfaction_mco_2020: ERREUR - [PATH_NOT_FOUND] Path does not exist: s3a://bronze/satisfaction_mco_2020.
