📦 Vérification du bucket gold-delta...

🚀 Exécution du pipeline Gold Delta...

:: loading settings :: url = jar:file:/usr/local/spark-3.5.0-bin-hadoop3/jars/ivy-2.5.1.jar!/org/apache/ivy/core/settings/ivysettings.xml
Ivy Default Cache set to: /home/jovyan/.ivy2/cache
The jars for the packages stored in: /home/jovyan/.ivy2/jars
io.delta#delta-spark_2.12 added as a dependency
:: resolving dependencies :: org.apache.spark#spark-submit-parent-8262e763-7e4a-4c05-9f8c-8b26e993f77f;1.0
	confs: [default]
	found io.delta#delta-spark_2.12;3.0.0 in central
	found io.delta#delta-storage;3.0.0 in central
	found org.antlr#antlr4-runtime;4.9.3 in central
:: resolution report :: resolve 187ms :: artifacts dl 11ms
	:: modules in use:
	io.delta#delta-spark_2.12;3.0.0 from central in [default]
	io.delta#delta-storage;3.0.0 from central in [default]
	org.antlr#antlr4-runtime;4.9.3 from central in [default]
	---------------------------------------------------------------------
	|                  |            modules            ||   artifacts   |
	|       conf       | number| search|dwnlded|evicted|| number|dwnlded|
	---------------------------------------------------------------------
	|      default     |   3   |   0   |   0   |   0   ||   3   |   0   |
	---------------------------------------------------------------------
:: retrieving :: org.apache.spark#spark-submit-parent-8262e763-7e4a-4c05-9f8c-8b26e993f77f
	confs: [default]
	0 artifacts copied, 3 already retrieved (0kB/10ms)
25/10/24 19:56:38 WARN NativeCodeLoader: Unable to load native-hadoop library for your platform... using builtin-java classes where applicable
======================================================================
🚀 DÉMARRAGE DU PIPELINE GOLD - DELTA LAKE
======================================================================
25/10/24 19:56:39 INFO SparkContext: Running Spark version 3.5.0
25/10/24 19:56:39 INFO SparkContext: OS info Linux, 6.6.87.2-microsoft-standard-WSL2, amd64
25/10/24 19:56:39 INFO SparkContext: Java version 17.0.8.1
25/10/24 19:56:39 INFO ResourceUtils: ==============================================================
25/10/24 19:56:39 INFO ResourceUtils: No custom resources configured for spark.driver.
25/10/24 19:56:39 INFO ResourceUtils: ==============================================================
25/10/24 19:56:39 INFO SparkContext: Submitted application: GoldAggregation_Delta
25/10/24 19:56:39 INFO ResourceProfile: Default ResourceProfile created, executor resources: Map(cores -> name: cores, amount: 1, script: , vendor: , memory -> name: memory, amount: 1024, script: , vendor: , offHeap -> name: offHeap, amount: 0, script: , vendor: ), task resources: Map(cpus -> name: cpus, amount: 1.0)
25/10/24 19:56:39 INFO ResourceProfile: Limiting resource is cpu
25/10/24 19:56:39 INFO ResourceProfileManager: Added ResourceProfile id: 0
25/10/24 19:56:39 INFO SecurityManager: Changing view acls to: jovyan
25/10/24 19:56:39 INFO SecurityManager: Changing modify acls to: jovyan
25/10/24 19:56:39 INFO SecurityManager: Changing view acls groups to: 
25/10/24 19:56:39 INFO SecurityManager: Changing modify acls groups to: 
25/10/24 19:56:39 INFO SecurityManager: SecurityManager: authentication disabled; ui acls disabled; users with view permissions: jovyan; groups with view permissions: EMPTY; users with modify permissions: jovyan; groups with modify permissions: EMPTY
25/10/24 19:56:39 INFO Utils: Successfully started service 'sparkDriver' on port 38305.
25/10/24 19:56:39 INFO SparkEnv: Registering MapOutputTracker
25/10/24 19:56:39 INFO SparkEnv: Registering BlockManagerMaster
25/10/24 19:56:39 INFO BlockManagerMasterEndpoint: Using org.apache.spark.storage.DefaultTopologyMapper for getting topology information
25/10/24 19:56:39 INFO BlockManagerMasterEndpoint: BlockManagerMasterEndpoint up
25/10/24 19:56:39 INFO SparkEnv: Registering BlockManagerMasterHeartbeat
25/10/24 19:56:39 INFO DiskBlockManager: Created local directory at /tmp/blockmgr-7012d05b-dd5d-49b5-a73b-9eaf2e6fae5e
25/10/24 19:56:39 INFO MemoryStore: MemoryStore started with capacity 434.4 MiB
25/10/24 19:56:39 INFO SparkEnv: Registering OutputCommitCoordinator
25/10/24 19:56:39 INFO JettyUtils: Start Jetty 0.0.0.0:4040 for SparkUI
25/10/24 19:56:40 INFO Utils: Successfully started service 'SparkUI' on port 4040.
25/10/24 19:56:40 INFO SparkContext: Added JAR file:///home/jovyan/jars/hadoop-aws-3.3.4.jar at spark://ff351b6fc169:38305/jars/hadoop-aws-3.3.4.jar with timestamp 1761335799330
25/10/24 19:56:40 INFO SparkContext: Added JAR file:///home/jovyan/jars/aws-java-sdk-bundle-1.12.262.jar at spark://ff351b6fc169:38305/jars/aws-java-sdk-bundle-1.12.262.jar with timestamp 1761335799330
25/10/24 19:56:40 INFO SparkContext: Added JAR file:///home/jovyan/.ivy2/jars/io.delta_delta-spark_2.12-3.0.0.jar at spark://ff351b6fc169:38305/jars/io.delta_delta-spark_2.12-3.0.0.jar with timestamp 1761335799330
25/10/24 19:56:40 INFO SparkContext: Added JAR file:///home/jovyan/.ivy2/jars/io.delta_delta-storage-3.0.0.jar at spark://ff351b6fc169:38305/jars/io.delta_delta-storage-3.0.0.jar with timestamp 1761335799330
25/10/24 19:56:40 INFO SparkContext: Added JAR file:///home/jovyan/.ivy2/jars/org.antlr_antlr4-runtime-4.9.3.jar at spark://ff351b6fc169:38305/jars/org.antlr_antlr4-runtime-4.9.3.jar with timestamp 1761335799330
25/10/24 19:56:40 INFO SparkContext: Added file file:///home/jovyan/.ivy2/jars/io.delta_delta-spark_2.12-3.0.0.jar at file:///home/jovyan/.ivy2/jars/io.delta_delta-spark_2.12-3.0.0.jar with timestamp 1761335799330
25/10/24 19:56:40 INFO Utils: Copying /home/jovyan/.ivy2/jars/io.delta_delta-spark_2.12-3.0.0.jar to /tmp/spark-2cc185b1-a345-4a54-9f0f-dc195cd634c9/userFiles-9b23f683-54e4-4d29-9988-acd58bbfa02e/io.delta_delta-spark_2.12-3.0.0.jar
25/10/24 19:56:40 INFO SparkContext: Added file file:///home/jovyan/.ivy2/jars/io.delta_delta-storage-3.0.0.jar at file:///home/jovyan/.ivy2/jars/io.delta_delta-storage-3.0.0.jar with timestamp 1761335799330
25/10/24 19:56:40 INFO Utils: Copying /home/jovyan/.ivy2/jars/io.delta_delta-storage-3.0.0.jar to /tmp/spark-2cc185b1-a345-4a54-9f0f-dc195cd634c9/userFiles-9b23f683-54e4-4d29-9988-acd58bbfa02e/io.delta_delta-storage-3.0.0.jar
25/10/24 19:56:40 INFO SparkContext: Added file file:///home/jovyan/.ivy2/jars/org.antlr_antlr4-runtime-4.9.3.jar at file:///home/jovyan/.ivy2/jars/org.antlr_antlr4-runtime-4.9.3.jar with timestamp 1761335799330
25/10/24 19:56:40 INFO Utils: Copying /home/jovyan/.ivy2/jars/org.antlr_antlr4-runtime-4.9.3.jar to /tmp/spark-2cc185b1-a345-4a54-9f0f-dc195cd634c9/userFiles-9b23f683-54e4-4d29-9988-acd58bbfa02e/org.antlr_antlr4-runtime-4.9.3.jar
25/10/24 19:56:40 INFO Executor: Starting executor ID driver on host ff351b6fc169
25/10/24 19:56:40 INFO Executor: OS info Linux, 6.6.87.2-microsoft-standard-WSL2, amd64
25/10/24 19:56:40 INFO Executor: Java version 17.0.8.1
25/10/24 19:56:40 INFO Executor: Starting executor with user classpath (userClassPathFirst = false): 'file:/home/jovyan/jars/hadoop-aws-3.3.4.jar,file:/home/jovyan/jars/aws-java-sdk-bundle-1.12.262.jar,file:/home/jovyan/jobs/main_jobs/aws-java-sdk-bundle-1.12.262.jar,file:/home/jovyan/jobs/main_jobs/hadoop-aws-3.3.4.jar'
25/10/24 19:56:40 INFO Executor: Created or updated repl class loader org.apache.spark.util.MutableURLClassLoader@3929575f for default.
25/10/24 19:56:40 INFO Executor: Fetching file:///home/jovyan/.ivy2/jars/org.antlr_antlr4-runtime-4.9.3.jar with timestamp 1761335799330
25/10/24 19:56:40 INFO Utils: /home/jovyan/.ivy2/jars/org.antlr_antlr4-runtime-4.9.3.jar has been previously copied to /tmp/spark-2cc185b1-a345-4a54-9f0f-dc195cd634c9/userFiles-9b23f683-54e4-4d29-9988-acd58bbfa02e/org.antlr_antlr4-runtime-4.9.3.jar
25/10/24 19:56:40 INFO Executor: Fetching file:///home/jovyan/.ivy2/jars/io.delta_delta-spark_2.12-3.0.0.jar with timestamp 1761335799330
25/10/24 19:56:40 INFO Utils: /home/jovyan/.ivy2/jars/io.delta_delta-spark_2.12-3.0.0.jar has been previously copied to /tmp/spark-2cc185b1-a345-4a54-9f0f-dc195cd634c9/userFiles-9b23f683-54e4-4d29-9988-acd58bbfa02e/io.delta_delta-spark_2.12-3.0.0.jar
25/10/24 19:56:40 INFO Executor: Fetching file:///home/jovyan/.ivy2/jars/io.delta_delta-storage-3.0.0.jar with timestamp 1761335799330
25/10/24 19:56:40 INFO Utils: /home/jovyan/.ivy2/jars/io.delta_delta-storage-3.0.0.jar has been previously copied to /tmp/spark-2cc185b1-a345-4a54-9f0f-dc195cd634c9/userFiles-9b23f683-54e4-4d29-9988-acd58bbfa02e/io.delta_delta-storage-3.0.0.jar
25/10/24 19:56:40 INFO Executor: Fetching spark://ff351b6fc169:38305/jars/io.delta_delta-spark_2.12-3.0.0.jar with timestamp 1761335799330
25/10/24 19:56:40 INFO TransportClientFactory: Successfully created connection to ff351b6fc169/172.18.0.5:38305 after 27 ms (0 ms spent in bootstraps)
25/10/24 19:56:40 INFO Utils: Fetching spark://ff351b6fc169:38305/jars/io.delta_delta-spark_2.12-3.0.0.jar to /tmp/spark-2cc185b1-a345-4a54-9f0f-dc195cd634c9/userFiles-9b23f683-54e4-4d29-9988-acd58bbfa02e/fetchFileTemp6156804901446258881.tmp
25/10/24 19:56:40 INFO Utils: /tmp/spark-2cc185b1-a345-4a54-9f0f-dc195cd634c9/userFiles-9b23f683-54e4-4d29-9988-acd58bbfa02e/fetchFileTemp6156804901446258881.tmp has been previously copied to /tmp/spark-2cc185b1-a345-4a54-9f0f-dc195cd634c9/userFiles-9b23f683-54e4-4d29-9988-acd58bbfa02e/io.delta_delta-spark_2.12-3.0.0.jar
25/10/24 19:56:40 INFO Executor: Adding file:/tmp/spark-2cc185b1-a345-4a54-9f0f-dc195cd634c9/userFiles-9b23f683-54e4-4d29-9988-acd58bbfa02e/io.delta_delta-spark_2.12-3.0.0.jar to class loader default
25/10/24 19:56:40 INFO Executor: Fetching spark://ff351b6fc169:38305/jars/org.antlr_antlr4-runtime-4.9.3.jar with timestamp 1761335799330
25/10/24 19:56:40 INFO Utils: Fetching spark://ff351b6fc169:38305/jars/org.antlr_antlr4-runtime-4.9.3.jar to /tmp/spark-2cc185b1-a345-4a54-9f0f-dc195cd634c9/userFiles-9b23f683-54e4-4d29-9988-acd58bbfa02e/fetchFileTemp10866422580959169841.tmp
25/10/24 19:56:40 INFO Utils: /tmp/spark-2cc185b1-a345-4a54-9f0f-dc195cd634c9/userFiles-9b23f683-54e4-4d29-9988-acd58bbfa02e/fetchFileTemp10866422580959169841.tmp has been previously copied to /tmp/spark-2cc185b1-a345-4a54-9f0f-dc195cd634c9/userFiles-9b23f683-54e4-4d29-9988-acd58bbfa02e/org.antlr_antlr4-runtime-4.9.3.jar
25/10/24 19:56:40 INFO Executor: Adding file:/tmp/spark-2cc185b1-a345-4a54-9f0f-dc195cd634c9/userFiles-9b23f683-54e4-4d29-9988-acd58bbfa02e/org.antlr_antlr4-runtime-4.9.3.jar to class loader default
25/10/24 19:56:40 INFO Executor: Fetching spark://ff351b6fc169:38305/jars/io.delta_delta-storage-3.0.0.jar with timestamp 1761335799330
25/10/24 19:56:40 INFO Utils: Fetching spark://ff351b6fc169:38305/jars/io.delta_delta-storage-3.0.0.jar to /tmp/spark-2cc185b1-a345-4a54-9f0f-dc195cd634c9/userFiles-9b23f683-54e4-4d29-9988-acd58bbfa02e/fetchFileTemp13694603911243241320.tmp
25/10/24 19:56:40 INFO Utils: /tmp/spark-2cc185b1-a345-4a54-9f0f-dc195cd634c9/userFiles-9b23f683-54e4-4d29-9988-acd58bbfa02e/fetchFileTemp13694603911243241320.tmp has been previously copied to /tmp/spark-2cc185b1-a345-4a54-9f0f-dc195cd634c9/userFiles-9b23f683-54e4-4d29-9988-acd58bbfa02e/io.delta_delta-storage-3.0.0.jar
25/10/24 19:56:40 INFO Executor: Adding file:/tmp/spark-2cc185b1-a345-4a54-9f0f-dc195cd634c9/userFiles-9b23f683-54e4-4d29-9988-acd58bbfa02e/io.delta_delta-storage-3.0.0.jar to class loader default
25/10/24 19:56:40 INFO Utils: Successfully started service 'org.apache.spark.network.netty.NettyBlockTransferService' on port 35539.
25/10/24 19:56:40 INFO NettyBlockTransferService: Server created on ff351b6fc169:35539
25/10/24 19:56:40 INFO BlockManager: Using org.apache.spark.storage.RandomBlockReplicationPolicy for block replication policy
25/10/24 19:56:40 INFO BlockManagerMaster: Registering BlockManager BlockManagerId(driver, ff351b6fc169, 35539, None)
25/10/24 19:56:40 INFO BlockManagerMasterEndpoint: Registering block manager ff351b6fc169:35539 with 434.4 MiB RAM, BlockManagerId(driver, ff351b6fc169, 35539, None)
25/10/24 19:56:40 INFO BlockManagerMaster: Registered BlockManager BlockManagerId(driver, ff351b6fc169, 35539, None)
25/10/24 19:56:40 INFO BlockManager: Initialized BlockManager: BlockManagerId(driver, ff351b6fc169, 35539, None)
✅ Session Spark avec Delta Lake initialisée
   - Delta Lake activé avec optimisations
   - Auto-compaction: activée
   - Schema evolution: activée

📅 Période d'analyse: 2019-01-01 → 2020-12-31
======================================================================

[1/8] 📊 Taux de consultation par période...
25/10/24 19:56:41 WARN MetricsConfig: Cannot locate configuration: tried hadoop-metrics2-s3a-file-system.properties,hadoop-metrics2.properties
