25/10/27 21:33:15 WARN NativeCodeLoader: Unable to load native-hadoop library for your platform... using builtin-java classes where applicable
======================================================================
🏆 AGRÉGATION GOLD - KPIs CHU DATA WAREHOUSE
======================================================================
📅 Démarrage: 2025-10-27 21:33:16.206433

25/10/27 21:33:16 INFO SparkContext: Running Spark version 3.5.0
25/10/27 21:33:16 INFO SparkContext: OS info Linux, 6.6.87.2-microsoft-standard-WSL2, amd64
25/10/27 21:33:16 INFO SparkContext: Java version 17.0.8.1
25/10/27 21:33:16 INFO ResourceUtils: ==============================================================
25/10/27 21:33:16 INFO ResourceUtils: No custom resources configured for spark.driver.
25/10/27 21:33:16 INFO ResourceUtils: ==============================================================
25/10/27 21:33:16 INFO SparkContext: Submitted application: Gold KPI Aggregation
25/10/27 21:33:16 INFO ResourceProfile: Default ResourceProfile created, executor resources: Map(cores -> name: cores, amount: 1, script: , vendor: , memory -> name: memory, amount: 1024, script: , vendor: , offHeap -> name: offHeap, amount: 0, script: , vendor: ), task resources: Map(cpus -> name: cpus, amount: 1.0)
25/10/27 21:33:16 INFO ResourceProfile: Limiting resource is cpu
25/10/27 21:33:16 INFO ResourceProfileManager: Added ResourceProfile id: 0
25/10/27 21:33:16 INFO SecurityManager: Changing view acls to: jovyan
25/10/27 21:33:16 INFO SecurityManager: Changing modify acls to: jovyan
25/10/27 21:33:16 INFO SecurityManager: Changing view acls groups to: 
25/10/27 21:33:16 INFO SecurityManager: Changing modify acls groups to: 
25/10/27 21:33:16 INFO SecurityManager: SecurityManager: authentication disabled; ui acls disabled; users with view permissions: jovyan; groups with view permissions: EMPTY; users with modify permissions: jovyan; groups with modify permissions: EMPTY
25/10/27 21:33:16 INFO Utils: Successfully started service 'sparkDriver' on port 35013.
25/10/27 21:33:16 INFO SparkEnv: Registering MapOutputTracker
25/10/27 21:33:16 INFO SparkEnv: Registering BlockManagerMaster
25/10/27 21:33:16 INFO BlockManagerMasterEndpoint: Using org.apache.spark.storage.DefaultTopologyMapper for getting topology information
25/10/27 21:33:16 INFO BlockManagerMasterEndpoint: BlockManagerMasterEndpoint up
25/10/27 21:33:16 INFO SparkEnv: Registering BlockManagerMasterHeartbeat
25/10/27 21:33:16 INFO DiskBlockManager: Created local directory at /tmp/blockmgr-33099161-6210-49f7-9228-01e363b9440e
25/10/27 21:33:16 INFO MemoryStore: MemoryStore started with capacity 1048.8 MiB
25/10/27 21:33:16 INFO SparkEnv: Registering OutputCommitCoordinator
25/10/27 21:33:16 INFO JettyUtils: Start Jetty 0.0.0.0:4040 for SparkUI
25/10/27 21:33:16 INFO Utils: Successfully started service 'SparkUI' on port 4040.
25/10/27 21:33:16 INFO SparkContext: Added JAR file:///home/jovyan/jars/hadoop-aws-3.3.4.jar at spark://a5399d7b25b7:35013/jars/hadoop-aws-3.3.4.jar with timestamp 1761600796269
25/10/27 21:33:16 INFO SparkContext: Added JAR file:///home/jovyan/jars/aws-java-sdk-bundle-1.12.262.jar at spark://a5399d7b25b7:35013/jars/aws-java-sdk-bundle-1.12.262.jar with timestamp 1761600796269
25/10/27 21:33:17 INFO Executor: Starting executor ID driver on host a5399d7b25b7
25/10/27 21:33:17 INFO Executor: OS info Linux, 6.6.87.2-microsoft-standard-WSL2, amd64
25/10/27 21:33:17 INFO Executor: Java version 17.0.8.1
25/10/27 21:33:17 INFO Executor: Starting executor with user classpath (userClassPathFirst = false): 'file:/home/jovyan/jars/hadoop-aws-3.3.4.jar,file:/home/jovyan/jars/aws-java-sdk-bundle-1.12.262.jar,file:/home/jovyan/aws-java-sdk-bundle-1.12.262.jar,file:/home/jovyan/hadoop-aws-3.3.4.jar'
25/10/27 21:33:17 INFO Executor: Created or updated repl class loader org.apache.spark.util.MutableURLClassLoader@1b08079 for default.
25/10/27 21:33:17 INFO Utils: Successfully started service 'org.apache.spark.network.netty.NettyBlockTransferService' on port 38795.
25/10/27 21:33:17 INFO NettyBlockTransferService: Server created on a5399d7b25b7:38795
25/10/27 21:33:17 INFO BlockManager: Using org.apache.spark.storage.RandomBlockReplicationPolicy for block replication policy
25/10/27 21:33:17 INFO BlockManagerMaster: Registering BlockManager BlockManagerId(driver, a5399d7b25b7, 38795, None)
25/10/27 21:33:17 INFO BlockManagerMasterEndpoint: Registering block manager a5399d7b25b7:38795 with 1048.8 MiB RAM, BlockManagerId(driver, a5399d7b25b7, 38795, None)
25/10/27 21:33:17 INFO BlockManagerMaster: Registered BlockManager BlockManagerId(driver, a5399d7b25b7, 38795, None)
25/10/27 21:33:17 INFO BlockManager: Initialized BlockManager: BlockManagerId(driver, a5399d7b25b7, 38795, None)
✅ Spark Gold session créée

======================================================================
🎯 GÉNÉRATION DES 8 KPIs
======================================================================

🎯 KPI 1: Consultation Rate...
25/10/27 21:33:18 WARN MetricsConfig: Cannot locate configuration: tried hadoop-metrics2-s3a-file-system.properties,hadoop-metrics2.properties
✅ Silver 'fact_consultation' lu: 1,027,157 lignes
